Warning: duplicate option '-nosplit' overrides previous value. (CMD-018)
 
****************************************
Report : area
Design : arm
Version: J-2014.09-SP4
Date   : Mon Feb 27 17:03:01 2017
****************************************

Library(s) Used:

    saed32lvt_tt1p05vn40c (File: /users/ugrad2/2012/spring/pooriam/libraries/saed32lvt_tt1p05vn40c.db)

Number of ports:                          164
Number of nets:                          2643
Number of cells:                         2429
Number of combinational cells:           2392
Number of sequential cells:                36
Number of macros/black boxes:               0
Number of buf/inv:                        334
Number of references:                      47

Combinational area:               9904.245854
Buf/Inv area:                      511.591874
Noncombinational area:            3427.894381
Macro/Black Box area:                0.000000
Net Interconnect area:            4177.786467

Total cell area:                 13332.140234
Total area:                      17509.926701

The above information was reported from the logical library. The following are from the physical library:

Hierarchical area distribution
------------------------------

                                  Global cell area           Local cell area
                                  -------------------  ---------------------------- 
Hierarchical cell                 Absolute    Percent  Combi-     Noncombi-  Black-
                                  Total       Total    national   national   boxes   Design
--------------------------------  ----------  -------  ---------  ---------  ------  ---------
arm                               13332.1402    100.0  5369.5544   256.1772  0.0000  arm
dp/rf                              7706.4086     57.8  4534.6914  3171.7172  0.0000  regfile
--------------------------------  ----------  -------  ---------  ---------  ------  ---------
Total                                                  9904.2459  3427.8944  0.0000


Area of detected synthetic parts
--------------------------------
  No DW parts to report!

Estimated area of ungrouped synthetic parts
-------------------------------------------
                                       Estimated  Perc. of
  Module               Implem.  Count       Area cell area
  -------------------- -------  ----- ---------- ---------
  DP_OP_100J2_122_8238     str      1   425.2870      3.2%
  DW01_add              pparch      1   523.2247      3.9%
  DW01_sub              pparch      3  1647.4407     12.4%
  DW_leftsh               astr      1   536.7517      4.0%
  DW_rightsh              astr      1   430.5201      3.2%
  -------------------- -------  ----- ---------- ---------
  DP_OP Subtotal:                   1   425.2870      3.2%
  Total:                            7  3563.2242     26.7%

Subtotal of datapath(DP_OP) cell area:  425.2870  3.2%  (estimated)
Total synthetic cell area:              3563.2242  26.7%  (estimated)

1
