Information: Propagating switching activity (medium effort zero delay simulation). (PWR-6)
Warning: Design has unannotated primary inputs. (PWR-414)
Warning: Design has unannotated black box outputs. (PWR-428)
 
****************************************
Report : power
        -hier
        -analysis_effort medium
        -verbose
Design : arm
Version: J-2014.09-SP4
Date   : Fri Mar 24 19:37:17 2017
****************************************


Library(s) Used:

    saed32lvt_tt1p05vn40c (File: /users/ugrad2/2012/spring/pooriam/libraries/saed32lvt_tt1p05vn40c.db)


Operating Conditions: tt1p05vn40c   Library: saed32lvt_tt1p05vn40c
Wire Load Model Mode: enclosed

Design        Wire Load Model            Library
------------------------------------------------
arm                    8000              saed32lvt_tt1p05vn40c
controller             ForQA             saed32lvt_tt1p05vn40c
datapath               8000              saed32lvt_tt1p05vn40c
condlogic              ForQA             saed32lvt_tt1p05vn40c
adder_WIDTH32          ForQA             saed32lvt_tt1p05vn40c
shifter                8000              saed32lvt_tt1p05vn40c
alu                    8000              saed32lvt_tt1p05vn40c
condcheck              ForQA             saed32lvt_tt1p05vn40c


Global Operating Voltage = 1.05 
Power-specific unit information :
    Voltage Units = 1V
    Capacitance Units = 1.000000ff
    Time Units = 1ns
    Dynamic Power Units = 1uW    (derived from V,C,T units)
    Leakage Power Units = 1pW


--------------------------------------------------------------------------------
                                       Switch   Int      Leak     Total
Hierarchy                              Power    Power    Power    Power    %
--------------------------------------------------------------------------------
arm                                      91.062  145.402 3.04e+09 3.28e+03 100.0
  dp (datapath)                          90.973  141.946 3.01e+09 3.25e+03  99.1
    alu (alu)                            43.890   81.812 7.31e+08  857.098  26.2
    shftr (shifter)                      44.007   57.221 2.20e+09 2.30e+03  70.3
    pcadd1 (adder_WIDTH32)                1.269    2.684 7.45e+07   78.451   2.4
  c (controller)                          2.189    3.456 2.69e+07   32.572   1.0
    cd (condlogic)                        2.184    3.456 2.69e+07   32.567   1.0
      cc (condcheck)                      1.608    2.752 1.71e+07   21.498   0.7
1
